2026-01-09 22:41:41,526 - INFO - Updating folders for path: W:\Collection
2026-01-09 22:41:42,784 - INFO - Found 25 folders.
2026-01-09 22:41:44,865 - DEBUG - Bridge received path: W:/Collection/Western HD/For a Fistful of Dollars (1964).m2ts
2026-01-09 22:41:44,882 - DEBUG - Starting new HTTP connection (1): localhost:52199
2026-01-09 22:41:46,943 - DEBUG - http://localhost:52199 "GET /MCWS/v1/Files/Search?Query=%5BFilename%5D=%5BFor%20a%20Fistful%20of%20Dollars%20(1964).m2ts%5D HTTP/1.1" 200 134
2026-01-09 22:41:46,946 - DEBUG - Encoding detection: utf_8 is most likely the one.
2026-01-09 22:41:46,947 - DEBUG - Starting new HTTP connection (1): localhost:52199
2026-01-09 22:41:49,006 - DEBUG - http://localhost:52199 "GET /MCWS/v1/Files/Search?Query=Fistful%20of%20Dollars HTTP/1.1" 200 1687
2026-01-09 22:41:49,006 - DEBUG - Encoding detection: utf_8 is most likely the one.
2026-01-09 22:41:49,022 - INFO - SUCCESS: Playing Key 402939
2026-01-09 22:41:49,023 - DEBUG - Starting new HTTP connection (1): localhost:52199
2026-01-09 22:41:51,044 - DEBUG - http://localhost:52199 "GET /MCWS/v1/Playback/PlayById?Key=402939 HTTP/1.1" 400 152
2026-01-09 22:44:19,284 - INFO - Updating folders for path: W:\Collection
2026-01-09 22:44:20,539 - INFO - Found 25 folders.
2026-01-09 22:44:23,024 - DEBUG - Bridge received path: W:/Collection/Western HD/For a Fistful of Dollars (1964).m2ts
2026-01-09 22:44:23,024 - INFO - Searching JRiver for: For a Fistful of Dollars (1964).m2ts
2026-01-09 22:44:23,024 - DEBUG - Starting new HTTP connection (1): localhost:52199
2026-01-09 22:44:25,063 - DEBUG - http://localhost:52199 "GET /MCWS/v1/Files/Search?Query=%5BFilename%5D=%5BFor%20a%20Fistful%20of%20Dollars%20(1964).m2ts%5D HTTP/1.1" 200 134
2026-01-09 22:44:25,063 - DEBUG - Encoding detection: utf_8 is most likely the one.
2026-01-09 22:44:25,063 - INFO - Exact match failed, trying fuzzy title search...
2026-01-09 22:44:25,063 - DEBUG - Starting new HTTP connection (1): localhost:52199
2026-01-09 22:47:17,192 - INFO - Updating folders for path: W:\Collection
2026-01-09 22:47:18,485 - INFO - Found 25 folders.
2026-01-09 22:47:21,235 - DEBUG - Bridge received path: W:/Collection/Western HD/For a Fistful of Dollars (1964).m2ts
2026-01-09 22:47:21,235 - INFO - Targeting: For a Fistful of Dollars (1964).m2ts
2026-01-09 22:47:21,249 - DEBUG - Starting new HTTP connection (1): localhost:52199
2026-01-09 22:47:23,286 - DEBUG - http://localhost:52199 "GET /MCWS/v1/Files/Search?Query=%5BFilename%5D=%5BFor%20a%20Fistful%20of%20Dollars%20(1964).m2ts%5D HTTP/1.1" 200 134
2026-01-09 22:47:23,286 - DEBUG - Encoding detection: utf_8 is most likely the one.
2026-01-09 22:47:23,286 - INFO - Exact search failed, trying fuzzy search...
2026-01-09 22:47:23,286 - DEBUG - Starting new HTTP connection (1): localhost:52199
2026-01-09 22:47:25,362 - DEBUG - http://localhost:52199 "GET /MCWS/v1/Files/Search?Query=Fistful%20of%20Dollars HTTP/1.1" 200 1687
2026-01-09 22:47:25,373 - DEBUG - Encoding detection: utf_8 is most likely the one.
2026-01-09 22:47:25,373 - INFO - Attempting PlayByFilename...
2026-01-09 22:47:25,374 - DEBUG - Starting new HTTP connection (1): localhost:52199
2026-01-09 22:47:27,412 - DEBUG - http://localhost:52199 "GET /MCWS/v1/Playback/PlayByFilename?Filename=W:%5CCollection%5CWestern%20HD%5CFor%20a%20Fistful%20of%20Dollars%20(1964).m2ts HTTP/1.1" 500 88
2026-01-09 22:47:27,412 - WARNING - PlayByFilename failed (500). Trying PlayById with Key 402939...
2026-01-09 22:47:27,413 - DEBUG - Starting new HTTP connection (1): localhost:52199
2026-01-09 22:50:50,710 - INFO - Updating folders for path: W:\Collection
2026-01-09 22:50:51,983 - INFO - Found 25 folders.
2026-01-09 22:50:54,485 - DEBUG - Bridge received path: W:/Collection/Western HD/For a Fistful of Dollars (1964).m2ts
2026-01-09 22:50:54,485 - INFO - Sending Force Stop to JRiver...
2026-01-09 22:50:54,485 - DEBUG - Starting new HTTP connection (1): localhost:52199
2026-01-09 22:50:56,489 - DEBUG - http://localhost:52199 "GET /MCWS/v1/Playback/Stop HTTP/1.1" 200 83
2026-01-09 22:50:57,505 - INFO - Triggering playback for Key: 402939
2026-01-09 22:50:57,507 - DEBUG - Starting new HTTP connection (1): localhost:52199
2026-01-09 22:52:06,492 - INFO - Updating folders for path: W:\Collection
2026-01-09 22:52:07,761 - INFO - Found 25 folders.
2026-01-09 22:52:09,916 - DEBUG - Bridge received path: W:/Collection/Western HD/For a Fistful of Dollars (1964).m2ts
2026-01-09 22:52:09,916 - INFO - Sending Force Stop to JRiver...
2026-01-09 22:52:09,932 - DEBUG - Starting new HTTP connection (1): localhost:52199
2026-01-09 22:52:11,936 - DEBUG - http://localhost:52199 "GET /MCWS/v1/Playback/Stop HTTP/1.1" 200 83
2026-01-09 22:52:12,953 - INFO - Triggering playback for Key: 402939
2026-01-09 22:52:12,954 - DEBUG - Starting new HTTP connection (1): localhost:52199
2026-01-09 22:52:14,991 - DEBUG - http://localhost:52199 "GET /MCWS/v1/Playback/PlayById?Key=402939 HTTP/1.1" 400 152
2026-01-09 22:52:14,991 - ERROR - JRiver rejected with 400: <?xml version="1.0" encoding="UTF-8" standalone="yes" ?>
<Response Status="Failure" Information="Function &apos;Playback/PlayById&apos; not found."/>

2026-01-09 22:54:51,627 - INFO - Updating folders for path: W:\Collection
2026-01-09 22:54:52,895 - INFO - Found 25 folders.
2026-01-09 22:54:55,067 - DEBUG - Bridge received path: W:/Collection/Western HD/For a Fistful of Dollars (1964).m2ts
2026-01-09 22:54:55,067 - DEBUG - Starting new HTTP connection (1): localhost:52199
2026-01-09 22:54:57,086 - DEBUG - http://localhost:52199 "GET /MCWS/v1/Playback/Stop HTTP/1.1" 200 83
2026-01-09 22:54:58,103 - INFO - Trying Playback URL: http://localhost:52199/MCWS/v1/Playback/PlayById?Key=402939
2026-01-09 22:54:58,104 - DEBUG - Starting new HTTP connection (1): localhost:52199
2026-01-09 22:55:00,128 - DEBUG - http://localhost:52199 "GET /MCWS/v1/Playback/PlayById?Key=402939 HTTP/1.1" 400 152
2026-01-09 22:55:00,128 - WARNING - Attempt failed with 400
2026-01-09 22:55:00,128 - INFO - Trying Playback URL: http://localhost:52199/MCWS/v1/Playback/Play?Key=402939
2026-01-09 22:55:00,128 - DEBUG - Starting new HTTP connection (1): localhost:52199
2026-01-09 22:55:02,146 - DEBUG - http://localhost:52199 "GET /MCWS/v1/Playback/Play?Key=402939 HTTP/1.1" 200 83
2026-01-09 22:55:02,146 - INFO - --- SUCCESS! Movie should be starting ---
2026-01-09 22:55:12,165 - DEBUG - Starting new HTTP connection (1): localhost:52199
2026-01-09 22:55:14,200 - DEBUG - http://localhost:52199 "GET /MCWS/v1/Playback/Info HTTP/1.1" 200 417
2026-01-09 23:01:15,088 - INFO - Updating folders for path: W:\Collection
2026-01-09 23:01:16,396 - INFO - Found 25 folders.
2026-01-09 23:01:18,727 - DEBUG - Bridge received path: W:/Collection/Western HD/For a Fistful of Dollars (1964).m2ts
2026-01-09 23:01:18,728 - DEBUG - Starting new HTTP connection (1): localhost:52199
2026-01-09 23:04:15,181 - INFO - Updating folders for path: W:\Collection
2026-01-09 23:04:16,435 - INFO - Found 25 folders.
2026-01-09 23:04:18,770 - DEBUG - Bridge received path: W:/Collection/Western HD/For a Fistful of Dollars (1964).m2ts
2026-01-09 23:04:18,771 - DEBUG - Starting new HTTP connection (1): localhost:52199
2026-01-09 23:04:22,811 - ERROR - Search error: HTTPConnectionPool(host='localhost', port=52199): Max retries exceeded with url: /MCWS/v1/Files/Search?Query=%5BFilename%5D=%5BFor%20a%20Fistful%20of%20Dollars%20(1964).m2ts%5D (Caused by NewConnectionError("HTTPConnection(host='localhost', port=52199): Failed to establish a new connection: [WinError 10061] No connection could be made because the target machine actively refused it"))
2026-01-09 23:07:36,861 - INFO - Updating folders for path: W:\Collection
2026-01-09 23:07:38,121 - INFO - Found 25 folders.
2026-01-09 23:07:40,568 - DEBUG - Bridge received path: W:/Collection/Western HD/For a Fistful of Dollars (1964).m2ts
2026-01-09 23:07:40,568 - INFO - Step 1: Clearing JRiver state...
2026-01-09 23:07:40,568 - DEBUG - Starting new HTTP connection (1): localhost:52199
2026-01-09 23:07:42,641 - DEBUG - http://localhost:52199 "GET /MCWS/v1/Playback/Stop HTTP/1.1" 200 83
2026-01-09 23:07:44,655 - INFO - Step 2: Sending Play Command for Key 402939
2026-01-09 23:07:44,656 - DEBUG - Starting new HTTP connection (1): localhost:52199
2026-01-09 23:07:46,664 - DEBUG - http://localhost:52199 "GET /MCWS/v1/Control/MCC?Command=10001&Parameter=402939 HTTP/1.1" 200 83
2026-01-09 23:07:46,665 - INFO - Step 3: Playback triggered. Silencing API for 30s to prevent crash...
2026-01-09 23:07:46,665 - INFO - Waiting 15s for JRiver engine to stabilize...
2026-01-09 23:08:01,679 - INFO - Watchdog Active: Monitoring playback status...
2026-01-09 23:08:01,680 - DEBUG - Starting new HTTP connection (1): localhost:52199
2026-01-09 23:08:03,696 - DEBUG - http://localhost:52199 "GET /MCWS/v1/Playback/Info HTTP/1.1" 200 414
2026-01-09 23:08:08,707 - DEBUG - Starting new HTTP connection (1): localhost:52199
2026-01-09 23:08:10,718 - DEBUG - http://localhost:52199 "GET /MCWS/v1/Playback/Info HTTP/1.1" 200 397
2026-01-09 23:08:10,718 - INFO - Stop detected. Signaling Mediaverse.
2026-01-09 23:11:05,256 - INFO - Updating folders for path: W:\Collection
2026-01-09 23:11:06,545 - INFO - Found 25 folders.
2026-01-09 23:12:45,393 - INFO - Updating folders for path: W:\Collection
2026-01-09 23:12:45,448 - INFO - Playback Bridge and Controller Initialized
2026-01-09 23:12:46,714 - INFO - Found 25 folders.
2026-01-09 23:12:48,203 - DEBUG - Bridge received play request for: W:/Collection/Western HD/For a Fistful of Dollars (1964).m2ts
2026-01-09 23:12:48,203 - INFO - Step 1: Clearing JRiver state...
2026-01-09 23:12:48,211 - DEBUG - Starting new HTTP connection (1): localhost:52199
2026-01-09 23:12:48,615 - DEBUG - Bridge received play request for: W:/Collection/Western HD/For a Fistful of Dollars (1964).m2ts
2026-01-09 23:12:48,615 - WARNING - Playback request ignored: already processing a file.
2026-01-09 23:12:54,273 - INFO - Step 2: Sending Play Command for Key 402939
2026-01-09 23:12:54,274 - DEBUG - Starting new HTTP connection (1): localhost:52199
2026-01-09 23:13:12,041 - INFO - Updating folders for path: W:\Collection
2026-01-09 23:13:12,089 - INFO - Playback Bridge and Controller Initialized
2026-01-09 23:13:13,291 - INFO - Found 25 folders.
2026-01-09 23:13:15,757 - DEBUG - Bridge received play request for: W:/Collection/Western HD/For a Fistful of Dollars (1964).m2ts
2026-01-09 23:13:15,758 - INFO - Step 1: Clearing JRiver state...
2026-01-09 23:13:15,764 - DEBUG - Starting new HTTP connection (1): localhost:52199
2026-01-09 23:13:21,871 - INFO - Step 2: Sending Play Command for Key 402939
2026-01-09 23:13:21,872 - DEBUG - Starting new HTTP connection (1): localhost:52199
2026-01-09 23:13:25,879 - ERROR - Bridge connection error: HTTPConnectionPool(host='localhost', port=52199): Max retries exceeded with url: /MCWS/v1/Control/MCC?Command=10001&Parameter=402939 (Caused by ConnectTimeoutError(<HTTPConnection(host='localhost', port=52199) at 0x27d40a8ae20>, 'Connection to localhost timed out. (connect timeout=2)')). Is JRiver running?
2026-01-09 23:14:51,842 - INFO - Updating folders for path: W:\Collection
2026-01-09 23:14:51,893 - INFO - Playback Bridge and Controller Initialized
2026-01-09 23:14:53,094 - INFO - Found 25 folders.
2026-01-09 23:14:55,549 - DEBUG - Bridge received play request for: W:/Collection/Western HD/For a Fistful of Dollars (1964).m2ts
2026-01-09 23:14:55,549 - INFO - Step 1: Stopping JRiver engine...
2026-01-09 23:14:55,549 - DEBUG - Starting new HTTP connection (1): localhost:52199
2026-01-09 23:14:59,621 - DEBUG - Stop command timed out (normal if JRiver is busy): HTTPConnectionPool(host='localhost', port=52199): Max retries exceeded with url: /MCWS/v1/Playback/Stop (Caused by NewConnectionError("HTTPConnection(host='localhost', port=52199): Failed to establish a new connection: [WinError 10061] No connection could be made because the target machine actively refused it"))
2026-01-09 23:15:01,627 - INFO - Step 2: Sending Play Command for Key 402939
2026-01-09 23:15:01,628 - DEBUG - Starting new HTTP connection (2): localhost:52199
2026-01-09 23:15:05,666 - ERROR - Bridge connection error: HTTPConnectionPool(host='localhost', port=52199): Max retries exceeded with url: /MCWS/v1/Control/MCC?Command=10001&Parameter=402939 (Caused by NewConnectionError("HTTPConnection(host='localhost', port=52199): Failed to establish a new connection: [WinError 10061] No connection could be made because the target machine actively refused it"))
2026-01-09 23:18:46,856 - INFO - Updating folders for path: W:\Collection
2026-01-09 23:18:46,900 - INFO - Playback Bridge and Controller Initialized
2026-01-09 23:18:48,118 - INFO - Found 25 folders.
2026-01-09 23:18:50,476 - DEBUG - Bridge received play request for: W:/Collection/Western HD/For a Fistful of Dollars (1964).m2ts
2026-01-09 23:18:50,477 - INFO - --- ATTEMPTING ONE-SHOT PLAY: 402939 ---
2026-01-09 23:18:50,483 - DEBUG - Starting new HTTP connection (1): localhost:52199
2026-01-09 23:18:52,521 - DEBUG - http://localhost:52199 "GET /MCWS/v1/Control/MCC?Command=10001&Parameter=402939 HTTP/1.1" 200 83
2026-01-09 23:18:52,521 - INFO - SUCCESS: JRiver accepted the command.
2026-01-09 23:19:07,530 - INFO - Controller ready for next command.
2026-01-09 23:21:13,956 - INFO - Updating folders for path: W:\Collection
2026-01-09 23:21:15,246 - INFO - Found 25 folders.
2026-01-09 23:22:58,751 - INFO - Updating folders for path: W:\Collection
2026-01-09 23:22:59,974 - INFO - Found 25 folders.
2026-01-09 23:25:12,195 - INFO - Updating folders for path: W:\Collection
2026-01-09 23:25:13,432 - INFO - Found 25 folders.
2026-01-09 23:26:16,723 - INFO - Updating folders for path: W:\Collection
2026-01-09 23:26:18,045 - INFO - Found 25 folders.
2026-01-09 23:28:06,262 - INFO - Updating folders for path: W:\Collection
2026-01-09 23:28:07,497 - INFO - Found 25 folders.
2026-01-09 23:29:22,138 - INFO - Updating folders for path: W:\Collection
2026-01-09 23:29:23,384 - INFO - Found 25 folders.
2026-01-09 23:30:04,694 - INFO - Updating folders for path: W:\Collection
2026-01-09 23:30:05,944 - INFO - Found 25 folders.
2026-01-09 23:32:26,894 - INFO - Updating folders for path: W:\Collection
2026-01-09 23:32:28,186 - INFO - Found 25 folders.
2026-01-09 23:32:30,684 - DEBUG - Bridge received path: W:/Collection/Western HD/For a Fistful of Dollars (1964).m2ts
2026-01-09 23:32:30,685 - INFO - Step 1: Clearing JRiver state...
2026-01-09 23:32:30,690 - DEBUG - Starting new HTTP connection (1): localhost:52199
2026-01-09 23:32:32,745 - DEBUG - http://localhost:52199 "GET /MCWS/v1/Playback/Stop HTTP/1.1" 200 83
2026-01-09 23:32:34,764 - INFO - Step 2: Sending Play Command for Key 402939
2026-01-09 23:32:34,765 - DEBUG - Starting new HTTP connection (1): localhost:52199
2026-01-09 23:32:36,783 - DEBUG - http://localhost:52199 "GET /MCWS/v1/Control/MCC?Command=10001&Parameter=402939 HTTP/1.1" 200 83
2026-01-09 23:32:36,784 - INFO - Step 3: Playback triggered. Silencing API for 30s to prevent crash...
2026-01-09 23:32:36,784 - INFO - Waiting 15s for JRiver engine to stabilize...
2026-01-09 23:32:51,796 - INFO - Watchdog Active: Monitoring playback status...
2026-01-09 23:32:51,798 - DEBUG - Starting new HTTP connection (1): localhost:52199
2026-01-09 23:32:53,816 - DEBUG - http://localhost:52199 "GET /MCWS/v1/Playback/Info HTTP/1.1" 200 423
2026-01-09 23:32:58,831 - DEBUG - Starting new HTTP connection (1): localhost:52199
2026-01-09 23:33:00,849 - DEBUG - http://localhost:52199 "GET /MCWS/v1/Playback/Info HTTP/1.1" 200 423
2026-01-09 23:33:05,861 - DEBUG - Starting new HTTP connection (1): localhost:52199
2026-01-09 23:33:12,275 - INFO - Updating folders for path: W:\Collection
2026-01-09 23:33:13,544 - INFO - Found 25 folders.
2026-01-09 23:33:15,966 - DEBUG - Bridge received path: W:/Collection/Western HD/For a Fistful of Dollars (1964).m2ts
2026-01-09 23:33:15,966 - INFO - Step 1: Clearing JRiver state...
2026-01-09 23:33:15,972 - DEBUG - Starting new HTTP connection (1): localhost:52199
2026-01-09 23:33:18,003 - DEBUG - http://localhost:52199 "GET /MCWS/v1/Playback/Stop HTTP/1.1" 200 83
2026-01-09 23:33:20,007 - INFO - Step 2: Sending Play Command for Key 402939
2026-01-09 23:33:20,008 - DEBUG - Starting new HTTP connection (1): localhost:52199
2026-01-09 23:33:22,023 - DEBUG - http://localhost:52199 "GET /MCWS/v1/Control/MCC?Command=10001&Parameter=402939 HTTP/1.1" 200 83
2026-01-09 23:33:22,023 - INFO - Step 3: Playback triggered. Silencing API for 30s to prevent crash...
2026-01-09 23:33:22,023 - INFO - Waiting 15s for JRiver engine to stabilize...
2026-01-09 23:33:37,039 - INFO - Watchdog Active: Monitoring playback status...
2026-01-09 23:33:37,040 - DEBUG - Starting new HTTP connection (1): localhost:52199
2026-01-10 10:58:51,384 - ERROR - No libraries found.
2026-01-10 11:00:56,832 - INFO - Updating folders for path: W:\Collection
2026-01-10 11:00:58,817 - INFO - Found 25 folders.
2026-01-10 11:07:33,650 - INFO - Updating folders for path: W:\Collection
2026-01-10 11:07:34,928 - INFO - Found 25 folders.
2026-01-10 11:08:39,229 - INFO - Updating folders for path: W:\Collection
2026-01-10 11:08:40,488 - INFO - Found 25 folders.
2026-01-10 11:08:43,027 - DEBUG - Bridge received path: W:/Collection/Western HD/For a Fistful of Dollars (1964).m2ts
2026-01-10 11:08:43,027 - INFO - Step 1: Clearing JRiver state...
2026-01-10 11:08:43,042 - DEBUG - Starting new HTTP connection (1): localhost:52199
2026-01-10 11:08:49,181 - INFO - Step 2: Sending Play Command for Key 402939
2026-01-10 11:08:49,182 - DEBUG - Starting new HTTP connection (1): localhost:52199
2026-01-10 11:09:11,755 - INFO - Updating folders for path: W:\Collection
2026-01-10 11:09:13,025 - INFO - Found 25 folders.
2026-01-10 11:09:15,128 - DEBUG - Bridge received path: W:/Collection/Western HD/For a Fistful of Dollars (1964).m2ts
2026-01-10 11:09:15,129 - INFO - Step 1: Clearing JRiver state...
2026-01-10 11:09:15,134 - DEBUG - Starting new HTTP connection (1): localhost:52199
2026-01-10 11:09:17,182 - DEBUG - http://localhost:52199 "GET /MCWS/v1/Playback/Stop HTTP/1.1" 200 83
2026-01-10 11:09:19,199 - INFO - Step 2: Sending Play Command for Key 402939
2026-01-10 11:09:19,199 - DEBUG - Starting new HTTP connection (1): localhost:52199
2026-01-10 11:09:21,202 - DEBUG - http://localhost:52199 "GET /MCWS/v1/Control/MCC?Command=10001&Parameter=402939 HTTP/1.1" 200 83
2026-01-10 11:09:21,202 - INFO - Step 3: Playback triggered. Silencing API for 30s to prevent crash...
2026-01-10 11:09:21,202 - INFO - Waiting 15s for JRiver engine to stabilize...
2026-01-10 11:09:36,216 - INFO - Watchdog Active: Monitoring playback status...
2026-01-10 11:09:36,216 - DEBUG - Starting new HTTP connection (1): localhost:52199
2026-01-10 11:09:40,246 - DEBUG - JRiver busy (timeout)... retrying in 5s.
2026-01-10 11:14:22,534 - INFO - Updating folders for path: W:\Collection
2026-01-10 11:14:23,773 - INFO - Found 25 folders.
2026-01-10 11:14:54,625 - INFO - Updating folders for path: W:\Collection
2026-01-10 11:14:55,877 - INFO - Found 25 folders.
2026-01-10 11:15:29,229 - INFO - Updating folders for path: W:\Collection
2026-01-10 11:15:30,477 - INFO - Found 25 folders.
2026-01-10 11:15:37,916 - DEBUG - Bridge received path: W:/Collection/Western HD/For a Fistful of Dollars (1964).m2ts
2026-01-10 11:15:37,916 - INFO - Step 1: Clearing JRiver state...
2026-01-10 11:15:37,916 - DEBUG - Starting new HTTP connection (1): localhost:52199
2026-01-10 11:15:39,966 - DEBUG - http://localhost:52199 "GET /MCWS/v1/Playback/Stop HTTP/1.1" 200 83
2026-01-10 11:15:41,979 - INFO - Step 2: Sending Play Command for Key 402939
2026-01-10 11:15:41,979 - DEBUG - Starting new HTTP connection (1): localhost:52199
2026-01-10 11:15:43,982 - DEBUG - http://localhost:52199 "GET /MCWS/v1/Control/MCC?Command=10001&Parameter=402939 HTTP/1.1" 200 83
2026-01-10 11:15:43,982 - INFO - Step 3: Playback triggered. Silencing API for 30s to prevent crash...
2026-01-10 11:15:43,982 - INFO - Waiting 15s for JRiver engine to stabilize...
2026-01-10 11:55:28,336 - INFO - Updating folders for path: W:\Collection
2026-01-10 11:55:29,661 - INFO - Found 25 folders.
2026-01-10 11:55:32,856 - DEBUG - Bridge received path: W:/Collection/Western HD/For a Fistful of Dollars (1964).m2ts
2026-01-10 11:55:32,872 - INFO - Step 1: Clearing JRiver state...
2026-01-10 11:55:32,872 - DEBUG - Starting new HTTP connection (1): localhost:52199
2026-01-10 11:55:38,964 - INFO - Step 2: Sending Play Command for Key 402939
2026-01-10 11:55:38,966 - DEBUG - Starting new HTTP connection (1): localhost:52199
2026-01-10 11:55:42,918 - DEBUG - Bridge received path: W:/Collection/Western HD/For a Fistful of Dollars (1964).m2ts
2026-01-10 11:55:42,918 - WARNING - Playback request ignored: already processing a file.
2026-01-10 11:55:42,996 - ERROR - Bridge connection error: HTTPConnectionPool(host='localhost', port=52199): Max retries exceeded with url: /MCWS/v1/Control/MCC?Command=10001&Parameter=402939 (Caused by ConnectTimeoutError(<HTTPConnection(host='localhost', port=52199) at 0x26e602c4910>, 'Connection to localhost timed out. (connect timeout=2)')). Is JRiver running?
2026-01-10 11:59:12,447 - INFO - Updating folders for path: W:\Collection
2026-01-10 11:59:13,721 - INFO - Found 25 folders.
2026-01-10 11:59:16,252 - DEBUG - Bridge received path: W:/Collection/Western HD/For a Fistful of Dollars (1964).m2ts
2026-01-10 11:59:16,252 - INFO - Sending Play Command for Key 402939
2026-01-10 11:59:16,252 - DEBUG - Starting new HTTP connection (1): localhost:52199
2026-01-10 11:59:18,307 - DEBUG - http://localhost:52199 "GET /MCWS/v1/Control/MCC?Command=10001&Parameter=402939 HTTP/1.1" 200 83
2026-01-10 11:59:18,307 - INFO - Waiting 15s for JRiver engine to stabilize...
2026-01-10 12:01:36,244 - INFO - Updating folders for path: W:\Collection
2026-01-10 12:01:37,490 - INFO - Found 25 folders.
2026-01-10 12:01:40,463 - DEBUG - Bridge received path: W:/Collection/Western HD/For a Fistful of Dollars (1964).m2ts
2026-01-10 12:01:40,463 - INFO - Sending Play Command for Key 402939
2026-01-10 12:01:40,463 - DEBUG - Starting new HTTP connection (1): localhost:52199
2026-01-10 12:01:44,544 - ERROR - Bridge connection error: HTTPConnectionPool(host='localhost', port=52199): Max retries exceeded with url: /MCWS/v1/Control/MCC?Command=10001&Parameter=402939 (Caused by NewConnectionError("HTTPConnection(host='localhost', port=52199): Failed to establish a new connection: [WinError 10061] No connection could be made because the target machine actively refused it")). Is JRiver running?
2026-01-10 12:02:46,793 - INFO - Updating folders for path: W:\Collection
2026-01-10 12:02:48,024 - INFO - Found 25 folders.
2026-01-10 12:02:50,562 - DEBUG - Bridge received path: W:/Collection/Western HD/For a Fistful of Dollars (1964).m2ts
2026-01-10 12:02:50,562 - INFO - Sending Play Command for Key 402939
2026-01-10 12:02:50,562 - DEBUG - Starting new HTTP connection (1): localhost:52199
2026-01-10 12:02:52,620 - DEBUG - http://localhost:52199 "GET /MCWS/v1/Control/MCC?Command=10001&Parameter=402939 HTTP/1.1" 200 83
2026-01-10 12:02:52,620 - INFO - Waiting 15s for JRiver engine to stabilize...
2026-01-10 12:03:07,641 - INFO - Watchdog Active: Monitoring playback status...
2026-01-10 12:03:07,643 - DEBUG - Starting new HTTP connection (1): localhost:52199
2026-01-10 12:03:09,662 - DEBUG - http://localhost:52199 "GET /MCWS/v1/Playback/Info HTTP/1.1" 200 392
2026-01-10 12:03:09,665 - INFO - Stop detected. Signaling Mediaverse.
2026-01-10 12:05:53,231 - INFO - Updating folders for path: W:\Collection
2026-01-10 12:05:54,455 - INFO - Found 25 folders.
2026-01-10 12:05:56,891 - DEBUG - Bridge received path: W:/Collection/Western HD/For a Fistful of Dollars (1964).m2ts
2026-01-10 12:05:56,892 - INFO - Sending Play Command for Key 402939
2026-01-10 12:05:56,898 - DEBUG - Starting new HTTP connection (1): localhost:52199
2026-01-10 12:05:58,933 - DEBUG - http://localhost:52199 "GET /MCWS/v1/Control/MCC?Command=10001&Parameter=402939 HTTP/1.1" 200 83
2026-01-10 12:05:58,933 - INFO - Waiting 15s for JRiver engine to stabilize...
2026-01-10 12:05:58,933 - INFO - Watchdog started in background thread.
2026-01-10 12:06:13,953 - INFO - Watchdog Active: Monitoring playback status...
2026-01-10 12:06:13,954 - DEBUG - Starting new HTTP connection (1): localhost:52199
2026-01-10 12:06:15,974 - DEBUG - http://localhost:52199 "GET /MCWS/v1/Playback/Info HTTP/1.1" 200 410
2026-01-10 12:06:20,981 - DEBUG - Starting new HTTP connection (1): localhost:52199
2026-01-10 12:06:59,823 - INFO - Updating folders for path: W:\Collection
2026-01-10 12:07:01,104 - INFO - Found 25 folders.
2026-01-10 12:07:03,331 - DEBUG - Bridge received path: W:/Collection/Western HD/For a Fistful of Dollars (1964).m2ts
2026-01-10 12:07:03,331 - INFO - Sending Play Command for Key 402939
2026-01-10 12:07:03,339 - DEBUG - Starting new HTTP connection (1): localhost:52199
2026-01-10 12:07:05,401 - DEBUG - http://localhost:52199 "GET /MCWS/v1/Control/MCC?Command=10001&Parameter=402939 HTTP/1.1" 200 83
2026-01-10 12:07:05,406 - INFO - Waiting 15s for JRiver engine to stabilize...
2026-01-10 12:07:05,406 - INFO - Watchdog started in background thread.
2026-01-10 12:07:20,411 - INFO - Watchdog Active: Monitoring playback status...
2026-01-10 12:07:20,412 - DEBUG - Starting new HTTP connection (1): localhost:52199
2026-01-10 12:07:22,424 - DEBUG - http://localhost:52199 "GET /MCWS/v1/Playback/Info HTTP/1.1" 200 395
2026-01-10 12:07:22,425 - INFO - Stop detected. Signaling Mediaverse.
2026-01-10 12:21:44,222 - INFO - Updating folders for path: W:\Collection
2026-01-10 12:21:45,559 - INFO - Found 25 folders.
2026-01-10 12:21:47,817 - DEBUG - Bridge received path: W:/Collection/Western HD/For a Fistful of Dollars (1964).m2ts
2026-01-10 12:21:47,818 - INFO - Sending Play Command for Key 402939
2026-01-10 12:21:47,823 - DEBUG - Starting new HTTP connection (1): localhost:52199
2026-01-10 12:21:49,871 - DEBUG - http://localhost:52199 "GET /MCWS/v1/Control/MCC?Command=10001&Parameter=402939 HTTP/1.1" 200 83
2026-01-10 12:21:49,875 - INFO - Waiting 15s for JRiver engine to stabilize...
2026-01-10 12:21:49,875 - INFO - Watchdog started in background thread.
2026-01-10 12:22:04,887 - INFO - Watchdog Active: Monitoring playback status...
2026-01-10 12:22:04,888 - DEBUG - Starting new HTTP connection (1): localhost:52199
2026-01-10 12:22:06,900 - DEBUG - http://localhost:52199 "GET /MCWS/v1/Playback/Info HTTP/1.1" 200 395
2026-01-10 12:22:06,901 - INFO - Stop detected. Signaling Mediaverse.
2026-01-10 12:22:06,919 - INFO - JRiver 34 minimized.
2026-01-10 12:22:07,328 - INFO - Mediaverse focus reclaimed.
2026-01-10 12:23:48,109 - INFO - Updating folders for path: W:\Collection
2026-01-10 12:23:49,394 - INFO - Found 25 folders.
2026-01-10 12:23:53,170 - DEBUG - Bridge received path: W:/Collection/Western HD/For a Fistful of Dollars (1964).m2ts
2026-01-10 12:23:53,172 - INFO - Sending Play Command for Key 402939
2026-01-10 12:23:53,172 - DEBUG - Starting new HTTP connection (1): localhost:52199
2026-01-10 12:23:55,233 - DEBUG - http://localhost:52199 "GET /MCWS/v1/Control/MCC?Command=10001&Parameter=402939 HTTP/1.1" 200 83
2026-01-10 12:23:55,234 - INFO - Waiting 15s for JRiver engine to stabilize...
2026-01-10 12:23:55,234 - INFO - Watchdog started in background thread.
2026-01-10 12:24:10,236 - INFO - Watchdog Active: Monitoring playback status...
2026-01-10 12:24:10,237 - DEBUG - Starting new HTTP connection (1): localhost:52199
2026-01-10 12:24:12,254 - DEBUG - http://localhost:52199 "GET /MCWS/v1/Playback/Info HTTP/1.1" 200 395
2026-01-10 12:24:12,255 - INFO - Stop detected. Signaling Mediaverse.
2026-01-10 12:24:13,775 - INFO - JRiver 34 tucked away.
2026-01-10 12:24:13,884 - INFO - Mediaverse focus locked.
2026-01-10 12:26:40,469 - INFO - Updating folders for path: W:\Collection
2026-01-10 12:26:41,719 - INFO - Found 25 folders.
2026-01-10 12:26:44,189 - DEBUG - Bridge received path: W:/Collection/Western HD/For a Fistful of Dollars (1964).m2ts
2026-01-10 12:26:44,190 - INFO - Sending Play Command for Key 402939
2026-01-10 12:26:44,196 - DEBUG - Starting new HTTP connection (1): localhost:52199
2026-01-10 12:26:46,231 - DEBUG - http://localhost:52199 "GET /MCWS/v1/Control/MCC?Command=10001&Parameter=402939 HTTP/1.1" 200 83
2026-01-10 12:26:46,231 - INFO - Waiting 15s for JRiver engine to stabilize...
2026-01-10 12:26:46,231 - INFO - Watchdog started in background thread.
2026-01-10 12:27:01,238 - INFO - Watchdog Active: Monitoring playback status...
2026-01-10 12:27:01,239 - DEBUG - Starting new HTTP connection (1): localhost:52199
2026-01-10 12:28:23,170 - INFO - Updating folders for path: W:\Collection
2026-01-10 12:28:24,408 - INFO - Found 25 folders.
2026-01-10 12:28:26,635 - DEBUG - Bridge received path: W:/Collection/Western HD/For a Fistful of Dollars (1964).m2ts
2026-01-10 12:28:26,635 - INFO - Sending Play Command for Key 402939
2026-01-10 12:28:26,635 - DEBUG - Starting new HTTP connection (1): localhost:52199
2026-01-10 12:28:28,702 - DEBUG - http://localhost:52199 "GET /MCWS/v1/Control/MCC?Command=10001&Parameter=402939 HTTP/1.1" 200 83
2026-01-10 12:28:28,705 - INFO - Waiting 15s for JRiver engine to stabilize...
2026-01-10 12:28:28,705 - INFO - Watchdog started in background thread.
2026-01-10 12:28:43,716 - INFO - Watchdog Active: Monitoring playback status...
2026-01-10 12:28:43,717 - DEBUG - Starting new HTTP connection (1): localhost:52199
2026-01-10 12:40:33,465 - INFO - Updating folders for path: W:\Collection
2026-01-10 12:40:34,784 - INFO - Found 25 folders.
2026-01-10 12:40:37,327 - DEBUG - Bridge received path: W:/Collection/Western HD/For a Fistful of Dollars (1964).m2ts
2026-01-10 12:40:37,327 - INFO - Sending Play Command for Key 402939
2026-01-10 12:40:37,327 - DEBUG - Starting new HTTP connection (1): localhost:52199
2026-01-10 12:40:39,386 - DEBUG - http://localhost:52199 "GET /MCWS/v1/Control/MCC?Command=10001&Parameter=402939 HTTP/1.1" 200 83
2026-01-10 12:40:39,386 - INFO - Waiting 15s for JRiver engine to stabilize...
2026-01-10 12:40:39,386 - INFO - Watchdog started in background thread.
2026-01-10 12:40:54,395 - INFO - Watchdog Active: Monitoring playback status...
2026-01-10 12:40:54,396 - DEBUG - Starting new HTTP connection (1): localhost:52199
2026-01-10 12:40:56,411 - DEBUG - http://localhost:52199 "GET /MCWS/v1/Playback/Info HTTP/1.1" 200 410
2026-01-10 12:41:01,424 - DEBUG - Starting new HTTP connection (1): localhost:52199
2026-01-10 12:41:03,440 - DEBUG - http://localhost:52199 "GET /MCWS/v1/Playback/Info HTTP/1.1" 200 395
2026-01-10 12:41:03,441 - INFO - Stop detected. Signaling Mediaverse.
2026-01-10 12:41:03,662 - INFO - Mediaverse forced to front.
2026-01-10 12:41:03,975 - INFO - JRiver tucked away in taskbar.
2026-01-10 12:47:11,423 - INFO - Updating folders for path: W:\Collection
2026-01-10 12:47:12,703 - INFO - Found 25 folders.
2026-01-10 12:47:15,394 - DEBUG - Bridge received path: W:/Collection/Western HD/For a Fistful of Dollars (1964).m2ts
2026-01-10 12:47:15,395 - INFO - Sending Play Command for Key 402939
2026-01-10 12:47:15,401 - DEBUG - Starting new HTTP connection (1): localhost:52199
2026-01-10 12:47:17,450 - DEBUG - http://localhost:52199 "GET /MCWS/v1/Control/MCC?Command=10001&Parameter=402939 HTTP/1.1" 200 83
2026-01-10 12:47:17,450 - INFO - Waiting 15s for JRiver engine to stabilize...
2026-01-10 12:47:17,450 - INFO - Watchdog started in background thread.
2026-01-10 12:47:32,463 - INFO - Watchdog Active: Monitoring playback status...
2026-01-10 12:47:32,464 - DEBUG - Starting new HTTP connection (1): localhost:52199
2026-01-10 12:47:34,478 - DEBUG - http://localhost:52199 "GET /MCWS/v1/Playback/Info HTTP/1.1" 200 395
2026-01-10 12:47:34,478 - INFO - Stop detected. Signaling Mediaverse.
2026-01-10 12:47:34,693 - INFO - Mediaverse forced to front.
2026-01-10 12:47:35,021 - INFO - JRiver tucked away in taskbar.
2026-01-10 12:55:10,073 - INFO - Updating folders for path: W:\Collection
2026-01-10 12:55:11,361 - INFO - Found 25 folders.
2026-01-10 12:56:41,141 - INFO - Updating folders for path: W:\Collection
2026-01-10 12:56:42,392 - INFO - Found 25 folders.
2026-01-10 12:57:43,073 - INFO - Updating folders for path: W:\Collection
2026-01-10 12:57:44,322 - INFO - Found 25 folders.
2026-01-10 12:58:44,507 - INFO - Updating folders for path: W:\Collection
2026-01-10 12:58:45,740 - INFO - Found 25 folders.
2026-01-10 13:08:28,171 - INFO - Updating folders for path: W:\Collection
2026-01-10 13:08:29,487 - INFO - Found 25 folders.
2026-01-10 13:08:31,776 - DEBUG - Bridge received path: W:/Collection/Western HD/For a Fistful of Dollars (1964).m2ts
2026-01-10 13:08:31,783 - DEBUG - Starting new HTTP connection (1): localhost:52199
2026-01-10 13:08:34,026 - DEBUG - http://localhost:52199 "GET /MCWS/v1/Files/Search?Query=%5BFilename%5D=%5BW:%5CCollection%5CWestern%20HD%5CFor%20a%20Fistful%20of%20Dollars%20(1964).m2ts%5D HTTP/1.1" 200 1071
2026-01-10 13:08:34,051 - DEBUG - Encoding detection: utf_8 is most likely the one.
2026-01-10 13:08:34,052 - INFO - Sending Play Command for Key 402945
2026-01-10 13:08:34,053 - DEBUG - Starting new HTTP connection (1): localhost:52199
2026-01-10 13:08:36,058 - DEBUG - http://localhost:52199 "GET /MCWS/v1/Playback/Stop HTTP/1.1" 200 83
2026-01-10 13:08:37,075 - DEBUG - Starting new HTTP connection (1): localhost:52199
2026-01-10 13:08:39,136 - DEBUG - http://localhost:52199 "GET /MCWS/v1/Control/MCC?Command=10001&Parameter=402945 HTTP/1.1" 200 83
2026-01-10 13:08:39,136 - INFO - Waiting 15s for JRiver engine to stabilize...
2026-01-10 13:08:39,136 - INFO - Watchdog started in background thread.
2026-01-10 13:12:46,118 - INFO - Updating folders for path: W:\Collection
2026-01-10 13:12:47,364 - INFO - Found 25 folders.
2026-01-10 13:12:49,902 - DEBUG - Bridge received path: W:/Collection/Western HD/For a Fistful of Dollars (1964).m2ts
2026-01-10 13:12:49,902 - DEBUG - Starting new HTTP connection (1): localhost:52199
2026-01-10 13:12:52,081 - DEBUG - http://localhost:52199 "GET /MCWS/v1/Files/Search?Query=%5BFilename%5D=%5BW:%5CCollection%5CWestern%20HD%5CFor%20a%20Fistful%20of%20Dollars%20(1964).m2ts%5D HTTP/1.1" 200 1071
2026-01-10 13:12:52,088 - DEBUG - Encoding detection: utf_8 is most likely the one.
2026-01-10 13:12:52,088 - INFO - Sending Play Command for Key 402945
2026-01-10 13:12:52,088 - DEBUG - Starting new HTTP connection (1): localhost:52199
2026-01-10 13:12:54,090 - DEBUG - http://localhost:52199 "GET /MCWS/v1/Playback/Stop HTTP/1.1" 200 83
2026-01-10 13:12:55,106 - DEBUG - Starting new HTTP connection (1): localhost:52199
2026-01-10 13:12:57,169 - DEBUG - http://localhost:52199 "GET /MCWS/v1/Control/MCC?Command=10001&Parameter=402945 HTTP/1.1" 200 83
2026-01-10 13:12:57,169 - INFO - Waiting 15s for JRiver engine to stabilize...
2026-01-10 13:12:57,169 - INFO - Watchdog started in background thread.
2026-01-10 13:18:07,215 - INFO - Updating folders for path: W:\Collection
2026-01-10 13:18:08,487 - INFO - Found 25 folders.
2026-01-10 13:18:11,544 - DEBUG - Bridge received path: W:/Collection/Western HD/For a Fistful of Dollars (1964).m2ts
2026-01-10 13:18:11,564 - DEBUG - Starting new HTTP connection (1): localhost:52199
2026-01-10 13:18:13,719 - DEBUG - http://localhost:52199 "GET /MCWS/v1/Files/Search?Query=%5BFilename%5D=%5BW:%5CCollection%5CWestern%20HD%5CFor%20a%20Fistful%20of%20Dollars%20(1964).m2ts%5D HTTP/1.1" 200 1071
2026-01-10 13:18:13,730 - DEBUG - Encoding detection: utf_8 is most likely the one.
2026-01-10 13:18:13,730 - INFO - Sending Play Command for Key 402945
2026-01-10 13:18:13,730 - DEBUG - Starting new HTTP connection (1): localhost:52199
2026-01-10 13:18:15,730 - DEBUG - http://localhost:52199 "GET /MCWS/v1/Playback/Stop HTTP/1.1" 200 83
2026-01-10 13:18:16,746 - DEBUG - Starting new HTTP connection (1): localhost:52199
2026-01-10 13:18:18,822 - DEBUG - http://localhost:52199 "GET /MCWS/v1/Control/MCC?Command=10001&Parameter=402945 HTTP/1.1" 200 83
2026-01-10 13:18:18,822 - INFO - Waiting 15s for JRiver engine to stabilize...
2026-01-10 13:18:18,822 - INFO - Watchdog started in background thread.
2026-01-10 13:18:33,838 - INFO - Watchdog Active: Monitoring playback status...
2026-01-10 13:18:33,839 - DEBUG - Starting new HTTP connection (1): localhost:52199
2026-01-10 13:18:35,856 - DEBUG - http://localhost:52199 "GET /MCWS/v1/Playback/Info HTTP/1.1" 200 395
2026-01-10 13:18:35,857 - INFO - Stop detected. Signaling Mediaverse.
2026-01-10 13:18:36,082 - INFO - Mediaverse forced to front.
2026-01-10 13:18:36,395 - INFO - JRiver tucked away in taskbar.
2026-01-10 13:27:12,235 - INFO - Updating folders for path: W:\Collection
2026-01-10 13:27:13,536 - INFO - Found 25 folders.
2026-01-10 13:27:16,871 - DEBUG - Bridge received path: W:/Collection/Western HD/For a Fistful of Dollars (1964).m2ts
2026-01-10 13:27:16,871 - DEBUG - Starting new HTTP connection (1): localhost:52199
2026-01-10 13:27:19,026 - DEBUG - http://localhost:52199 "GET /MCWS/v1/Files/Search?Query=%5BFilename%5D=%5BW:%5CCollection%5CWestern%20HD%5CFor%20a%20Fistful%20of%20Dollars%20(1964).m2ts%5D HTTP/1.1" 200 1070
2026-01-10 13:27:19,026 - DEBUG - Encoding detection: utf_8 is most likely the one.
2026-01-10 13:27:19,026 - INFO - Sending Play Command for Key 402945
2026-01-10 13:27:19,026 - DEBUG - Starting new HTTP connection (1): localhost:52199
2026-01-10 13:27:21,042 - DEBUG - http://localhost:52199 "GET /MCWS/v1/Playback/Stop HTTP/1.1" 200 83
2026-01-10 13:27:22,059 - DEBUG - Starting new HTTP connection (1): localhost:52199
2026-01-10 13:27:24,104 - DEBUG - http://localhost:52199 "GET /MCWS/v1/Control/MCC?Command=10001&Parameter=402945 HTTP/1.1" 200 83
2026-01-10 13:27:24,104 - INFO - Waiting 15s for JRiver engine to stabilize...
2026-01-10 13:27:24,104 - INFO - Watchdog started in background thread.
2026-01-10 13:28:41,097 - INFO - Updating folders for path: W:\Collection
2026-01-10 13:28:42,346 - INFO - Found 25 folders.
2026-01-10 13:28:45,223 - DEBUG - Bridge received path: W:/Collection/Western HD/For a Fistful of Dollars (1964).m2ts
2026-01-10 13:28:45,223 - DEBUG - Starting new HTTP connection (1): localhost:52199
2026-01-10 13:28:47,370 - DEBUG - http://localhost:52199 "GET /MCWS/v1/Files/Search?Query=%5BFilename%5D=%5BW:%5CCollection%5CWestern%20HD%5CFor%20a%20Fistful%20of%20Dollars%20(1964).m2ts%5D HTTP/1.1" 200 1069
2026-01-10 13:28:47,390 - DEBUG - Encoding detection: utf_8 is most likely the one.
2026-01-10 13:28:47,391 - INFO - Sending Play Command for Key 402945
2026-01-10 13:28:47,392 - DEBUG - Starting new HTTP connection (1): localhost:52199
2026-01-10 13:28:49,401 - DEBUG - http://localhost:52199 "GET /MCWS/v1/Playback/Stop HTTP/1.1" 200 83
2026-01-10 13:28:50,419 - DEBUG - Starting new HTTP connection (1): localhost:52199
2026-01-10 13:28:52,463 - DEBUG - http://localhost:52199 "GET /MCWS/v1/Control/MCC?Command=10001&Parameter=402945 HTTP/1.1" 200 83
2026-01-10 13:28:52,463 - INFO - Waiting 15s for JRiver engine to stabilize...
2026-01-10 13:28:52,463 - INFO - Watchdog started in background thread.
2026-01-10 13:34:19,304 - INFO - Updating folders for path: W:\Collection
2026-01-10 13:34:20,615 - INFO - Found 25 folders.
2026-01-10 13:34:23,040 - DEBUG - Bridge received path: W:/Collection/Western HD/For a Fistful of Dollars (1964).m2ts
2026-01-10 13:34:23,040 - DEBUG - Starting new HTTP connection (1): localhost:52199
2026-01-10 13:34:25,094 - DEBUG - http://localhost:52199 "GET /MCWS/v1/Library/Values?Field=Key&Query=%5BFilename%5D%3D%3D%22+W%3A%5CCollection%5CWestern+HD%5CFor+a+Fistful+of+Dollars+%281964%29.m2ts%22 HTTP/1.1" 200 104
2026-01-10 13:34:25,094 - ERROR - Could not find ID for path: W:/Collection/Western HD/For a Fistful of Dollars (1964).m2ts
2026-01-10 13:36:23,767 - INFO - Updating folders for path: W:\Collection
2026-01-10 13:36:25,020 - INFO - Found 25 folders.
2026-01-10 13:36:27,165 - DEBUG - Bridge received path: W:/Collection/Western HD/For a Fistful of Dollars (1964).m2ts
2026-01-10 13:36:27,165 - DEBUG - Querying JRiver: http://localhost:52199/MCWS/v1/Files/Search with {'Query': '[Filename]=[W:\\Collection\\Western HD\\For a Fistful of Dollars (1964).m2ts]'}
2026-01-10 13:36:27,165 - DEBUG - Starting new HTTP connection (1): localhost:52199
2026-01-10 13:36:29,324 - DEBUG - http://localhost:52199 "GET /MCWS/v1/Files/Search?Query=%5BFilename%5D%3D%5BW%3A%5CCollection%5CWestern+HD%5CFor+a+Fistful+of+Dollars+%281964%29.m2ts%5D HTTP/1.1" 200 1070
2026-01-10 13:36:29,340 - DEBUG - Encoding detection: utf_8 is most likely the one.
2026-01-10 13:36:29,340 - INFO - Found Key: 402945
2026-01-10 13:36:29,340 - INFO - Sending Play Command for Key 402945
2026-01-10 13:36:29,340 - DEBUG - Starting new HTTP connection (1): localhost:52199
2026-01-10 13:36:31,355 - DEBUG - http://localhost:52199 "GET /MCWS/v1/Playback/Stop HTTP/1.1" 200 83
2026-01-10 13:36:32,371 - DEBUG - Starting new HTTP connection (1): localhost:52199
2026-01-10 13:36:34,416 - DEBUG - http://localhost:52199 "GET /MCWS/v1/Control/MCC?Command=10001&Parameter=402945 HTTP/1.1" 200 83
2026-01-10 13:36:34,416 - INFO - Waiting 15s for JRiver engine to stabilize...
2026-01-10 13:36:34,416 - INFO - Watchdog started in background thread.
2026-01-10 13:40:24,557 - INFO - Updating folders for path: W:\Collection
2026-01-10 13:40:25,801 - INFO - Found 25 folders.
2026-01-10 13:40:28,421 - DEBUG - Bridge received path: W:/Collection/Western HD/For a Fistful of Dollars (1964).m2ts
2026-01-10 13:40:28,421 - DEBUG - Starting new HTTP connection (1): localhost:52199
2026-01-10 13:40:30,589 - DEBUG - http://localhost:52199 "GET /MCWS/v1/Files/Search?Query=%5BFilename%5D=%5BW:%5CCollection%5CWestern%20HD%5CFor%20a%20Fistful%20of%20Dollars%20(1964).m2ts%5D HTTP/1.1" 200 1071
2026-01-10 13:40:30,605 - DEBUG - Encoding detection: utf_8 is most likely the one.
2026-01-10 13:40:30,605 - INFO - Sending Play Command for Key 402945
2026-01-10 13:40:30,605 - DEBUG - Starting new HTTP connection (1): localhost:52199
2026-01-10 13:40:32,611 - DEBUG - http://localhost:52199 "GET /MCWS/v1/Playback/Stop HTTP/1.1" 200 83
2026-01-10 13:40:33,620 - DEBUG - Starting new HTTP connection (1): localhost:52199
2026-01-10 13:40:35,658 - DEBUG - http://localhost:52199 "GET /MCWS/v1/Control/MCC?Command=10001&Parameter=402945 HTTP/1.1" 200 83
2026-01-10 13:40:35,659 - INFO - Waiting 15s for JRiver engine to stabilize...
2026-01-10 13:40:35,659 - INFO - Watchdog started in background thread.
2026-01-10 13:42:24,513 - INFO - Updating folders for path: W:\Collection
2026-01-10 13:42:25,747 - INFO - Found 25 folders.
2026-01-10 13:42:28,139 - DEBUG - Bridge received path: W:/Collection/Western HD/For a Fistful of Dollars (1964).m2ts
2026-01-10 13:42:28,139 - DEBUG - Starting new HTTP connection (1): localhost:52199
2026-01-10 13:42:30,328 - DEBUG - http://localhost:52199 "GET /MCWS/v1/Files/Search?Query=%5BFilename%5D=%5BW:%5CCollection%5CWestern%20HD%5CFor%20a%20Fistful%20of%20Dollars%20(1964).m2ts%5D HTTP/1.1" 200 1071
2026-01-10 13:42:30,339 - DEBUG - Encoding detection: utf_8 is most likely the one.
2026-01-10 13:42:30,340 - INFO - Sending Play Command for Key 402945
2026-01-10 13:42:30,342 - DEBUG - Starting new HTTP connection (1): localhost:52199
2026-01-10 13:42:32,356 - DEBUG - http://localhost:52199 "GET /MCWS/v1/Playback/Stop HTTP/1.1" 200 83
2026-01-10 13:42:33,373 - DEBUG - Starting new HTTP connection (1): localhost:52199
2026-01-10 13:42:35,417 - DEBUG - http://localhost:52199 "GET /MCWS/v1/Control/MCC?Command=10001&Parameter=402945 HTTP/1.1" 200 83
2026-01-10 13:42:35,417 - INFO - Waiting 15s for JRiver engine to stabilize...
2026-01-10 13:42:35,417 - INFO - Watchdog started in background thread.
2026-01-10 13:46:23,665 - INFO - Updating folders for path: W:\Collection
2026-01-10 13:46:24,941 - INFO - Found 25 folders.
2026-01-10 13:46:26,599 - DEBUG - Bridge received path: W:/Collection/Western HD/For a Fistful of Dollars (1964).m2ts
2026-01-10 13:46:26,606 - DEBUG - Starting new HTTP connection (1): localhost:52199
2026-01-10 13:46:28,784 - DEBUG - http://localhost:52199 "GET /MCWS/v1/Files/Search?Query=%5BFilename%5D=%5BW:%5CCollection%5CWestern%20HD%5CFor%20a%20Fistful%20of%20Dollars%20(1964).m2ts%5D HTTP/1.1" 200 1071
2026-01-10 13:46:28,791 - DEBUG - Encoding detection: utf_8 is most likely the one.
2026-01-10 13:46:28,791 - DEBUG - Starting new HTTP connection (1): localhost:52199
2026-01-10 13:46:30,791 - DEBUG - http://localhost:52199 "GET /MCWS/v1/Playback/Stop HTTP/1.1" 200 83
2026-01-10 13:46:30,791 - INFO - FORCING EXCLUSIVE PLAYBACK: Key 402945
2026-01-10 13:46:30,791 - DEBUG - Starting new HTTP connection (1): localhost:52199
2026-01-10 13:46:32,854 - DEBUG - http://localhost:52199 "GET /MCWS/v1/Playback/PlayByKey?Key=402945&Location=0 HTTP/1.1" 200 83
2026-01-10 13:46:32,854 - INFO - Waiting 15s for JRiver engine to stabilize...
2026-01-10 13:50:41,786 - INFO - Updating folders for path: W:\Collection
2026-01-10 13:50:43,047 - INFO - Found 25 folders.
2026-01-10 13:51:28,514 - DEBUG - Bridge received path: W:/Collection/Western HD/For a Fistful of Dollars (1964).m2ts
2026-01-10 13:51:28,514 - DEBUG - Starting new HTTP connection (1): localhost:52199
2026-01-10 13:51:30,667 - DEBUG - http://localhost:52199 "GET /MCWS/v1/Files/Search?Query=%5BFilename%5D=%5BW:%5CCollection%5CWestern%20HD%5CFor%20a%20Fistful%20of%20Dollars%20(1964).m2ts%5D HTTP/1.1" 200 1073
2026-01-10 13:51:30,684 - DEBUG - Encoding detection: utf_8 is most likely the one.
2026-01-10 13:51:30,684 - DEBUG - Starting new HTTP connection (1): localhost:52199
2026-01-10 13:51:32,685 - DEBUG - http://localhost:52199 "GET /MCWS/v1/Playback/Stop HTTP/1.1" 200 83
2026-01-10 13:51:32,685 - INFO - FORCING EXCLUSIVE PLAYBACK: Key 402945
2026-01-10 13:51:32,685 - DEBUG - Starting new HTTP connection (1): localhost:52199
2026-01-10 13:51:34,747 - DEBUG - http://localhost:52199 "GET /MCWS/v1/Playback/PlayByKey?Key=402945&Location=0 HTTP/1.1" 200 83
2026-01-10 13:51:34,748 - INFO - Waiting 15s for JRiver engine to stabilize...
2026-01-10 13:51:49,754 - INFO - Watchdog Active: Monitoring playback status...
2026-01-10 13:51:49,755 - DEBUG - Starting new HTTP connection (1): localhost:52199
2026-01-10 14:00:32,235 - INFO - Updating folders for path: W:\Collection
2026-01-10 14:00:33,556 - INFO - Found 25 folders.
2026-01-10 14:01:29,446 - INFO - Updating folders for path: W:\Collection
2026-01-10 14:01:30,736 - INFO - Found 25 folders.
2026-01-10 14:02:05,557 - INFO - Updating folders for path: W:\Collection
2026-01-10 14:02:06,869 - INFO - Found 25 folders.
2026-01-10 14:03:45,807 - INFO - Updating folders for path: W:\Collection
2026-01-10 14:03:47,049 - INFO - Found 25 folders.
2026-01-10 14:11:37,342 - INFO - Updating folders for path: W:\Collection
2026-01-10 14:11:38,679 - INFO - Found 25 folders.
2026-01-10 14:11:57,390 - DEBUG - Bridge received path: W:/Collection/Western HD/The Alamo (1960).mp4
2026-01-10 14:11:57,398 - DEBUG - Starting new HTTP connection (1): localhost:52199
2026-01-10 14:11:59,558 - DEBUG - http://localhost:52199 "GET /MCWS/v1/Files/Search?Query=%5BFilename%5D=%5BW:%5CCollection%5CWestern%20HD%5CThe%20Alamo%20(1960).mp4%5D HTTP/1.1" 200 1204
2026-01-10 14:11:59,575 - DEBUG - Encoding detection: utf_8 is most likely the one.
2026-01-10 14:11:59,575 - DEBUG - Starting new HTTP connection (1): localhost:52199
2026-01-10 14:12:01,590 - DEBUG - http://localhost:52199 "GET /MCWS/v1/Playback/Stop HTTP/1.1" 200 83
2026-01-10 14:12:01,591 - INFO - FORCING EXCLUSIVE PLAYBACK: Key 403026
2026-01-10 14:12:01,592 - DEBUG - Starting new HTTP connection (1): localhost:52199
2026-01-10 14:12:03,652 - DEBUG - http://localhost:52199 "GET /MCWS/v1/Playback/PlayByKey?Key=403026&Location=0 HTTP/1.1" 200 83
2026-01-10 14:12:03,652 - INFO - Waiting 15s for JRiver engine to stabilize...
2026-01-10 14:12:18,662 - INFO - Watchdog Active: Monitoring playback status...
2026-01-10 14:12:18,664 - DEBUG - Starting new HTTP connection (1): localhost:52199
2026-01-10 14:12:20,681 - DEBUG - http://localhost:52199 "GET /MCWS/v1/Playback/Info HTTP/1.1" 200 408
2026-01-10 14:12:25,692 - DEBUG - Starting new HTTP connection (1): localhost:52199
2026-01-10 14:12:27,719 - DEBUG - http://localhost:52199 "GET /MCWS/v1/Playback/Info HTTP/1.1" 200 389
2026-01-10 14:12:27,719 - INFO - Stop detected. Signaling Mediaverse.
2026-01-10 14:12:27,940 - INFO - Mediaverse forced to front.
2026-01-10 14:12:28,251 - INFO - JRiver tucked away in taskbar.
2026-01-10 14:27:00,039 - INFO - Updating folders for path: W:\Collection
2026-01-10 14:27:01,383 - INFO - Found 25 folders.
2026-01-10 14:31:14,166 - INFO - Updating folders for path: W:\Collection
2026-01-10 14:31:15,406 - INFO - Found 25 folders.
2026-01-10 14:33:49,604 - INFO - Updating folders for path: W:\Collection
2026-01-10 14:33:50,867 - INFO - Found 25 folders.
2026-01-10 14:33:59,957 - DEBUG - Bridge received path: W:/Collection/Western HD/Dances with Wolves (1990).mp4
2026-01-10 14:33:59,964 - DEBUG - Starting new HTTP connection (1): localhost:52199
2026-01-10 14:34:02,122 - DEBUG - http://localhost:52199 "GET /MCWS/v1/Files/Search?Query=%5BFilename%5D=%5BW:%5CCollection%5CWestern%20HD%5CDances%20with%20Wolves%20(1990).mp4%5D HTTP/1.1" 200 1885
2026-01-10 14:34:02,122 - DEBUG - Encoding detection: utf_8 is most likely the one.
2026-01-10 14:34:02,122 - DEBUG - Starting new HTTP connection (1): localhost:52199
2026-01-10 14:34:04,151 - DEBUG - http://localhost:52199 "GET /MCWS/v1/Playback/Stop HTTP/1.1" 200 83
2026-01-10 14:34:04,151 - INFO - FORCING EXCLUSIVE PLAYBACK: Key 402931
2026-01-10 14:34:04,151 - DEBUG - Starting new HTTP connection (1): localhost:52199
2026-01-10 14:34:06,214 - DEBUG - http://localhost:52199 "GET /MCWS/v1/Playback/PlayByKey?Key=402931&Location=0 HTTP/1.1" 200 83
2026-01-10 14:34:06,214 - INFO - Waiting 15s for JRiver engine to stabilize...
2026-01-10 14:34:21,226 - INFO - Watchdog Active: Monitoring playback status...
2026-01-10 14:34:21,227 - DEBUG - Starting new HTTP connection (1): localhost:52199
2026-01-10 14:34:23,245 - DEBUG - http://localhost:52199 "GET /MCWS/v1/Playback/Info HTTP/1.1" 200 808
2026-01-10 14:34:28,253 - DEBUG - Starting new HTTP connection (1): localhost:52199
2026-01-10 14:34:30,263 - DEBUG - http://localhost:52199 "GET /MCWS/v1/Playback/Info HTTP/1.1" 200 808
2026-01-10 14:34:35,271 - DEBUG - Starting new HTTP connection (1): localhost:52199
2026-01-10 14:34:37,284 - DEBUG - http://localhost:52199 "GET /MCWS/v1/Playback/Info HTTP/1.1" 200 808
2026-01-10 14:34:42,290 - DEBUG - Starting new HTTP connection (1): localhost:52199
2026-01-10 14:34:44,307 - DEBUG - http://localhost:52199 "GET /MCWS/v1/Playback/Info HTTP/1.1" 200 406
2026-01-10 14:34:44,309 - INFO - Stop detected. Signaling Mediaverse.
2026-01-10 14:34:44,536 - INFO - Mediaverse forced to front.
2026-01-10 14:34:44,903 - INFO - JRiver tucked away in taskbar.
2026-01-10 14:42:08,619 - INFO - Updating folders for path: W:\Collection
2026-01-10 14:42:09,932 - INFO - Found 25 folders.
2026-01-10 14:43:49,515 - INFO - Updating folders for path: W:\Collection
2026-01-10 14:43:50,768 - INFO - Found 25 folders.
2026-01-10 14:45:08,260 - INFO - Updating folders for path: W:\Collection
2026-01-10 14:45:09,523 - INFO - Found 25 folders.
2026-01-10 14:45:19,053 - DEBUG - Bridge received path: W:/Collection/1990s/Forest Gump (1994).m2ts
2026-01-10 14:45:19,059 - DEBUG - Starting new HTTP connection (1): localhost:52199
2026-01-10 14:45:21,209 - DEBUG - http://localhost:52199 "GET /MCWS/v1/Files/Search?Query=%5BFilename%5D=%5BW:%5CCollection%5C1990s%5CForest%20Gump%20(1994).m2ts%5D HTTP/1.1" 200 2190
2026-01-10 14:45:21,213 - DEBUG - Encoding detection: utf_8 is most likely the one.
2026-01-10 14:45:21,213 - DEBUG - Starting new HTTP connection (1): localhost:52199
2026-01-10 14:45:23,215 - DEBUG - http://localhost:52199 "GET /MCWS/v1/Playback/Stop HTTP/1.1" 200 83
2026-01-10 14:45:23,215 - INFO - FORCING EXCLUSIVE PLAYBACK: Key 400425
2026-01-10 14:45:23,215 - DEBUG - Starting new HTTP connection (1): localhost:52199
2026-01-10 14:45:25,293 - DEBUG - http://localhost:52199 "GET /MCWS/v1/Playback/PlayByKey?Key=400425&Location=0 HTTP/1.1" 200 83
2026-01-10 14:45:25,293 - INFO - Waiting 15s for JRiver engine to stabilize...
2026-01-10 14:45:40,300 - INFO - Watchdog Active: Monitoring playback status...
2026-01-10 14:45:40,302 - DEBUG - Starting new HTTP connection (1): localhost:52199
2026-01-10 14:45:42,319 - DEBUG - http://localhost:52199 "GET /MCWS/v1/Playback/Info HTTP/1.1" 200 411
2026-01-10 14:45:47,332 - DEBUG - Starting new HTTP connection (1): localhost:52199
2026-01-10 14:45:49,345 - DEBUG - http://localhost:52199 "GET /MCWS/v1/Playback/Info HTTP/1.1" 200 411
2026-01-10 14:45:54,352 - DEBUG - Starting new HTTP connection (1): localhost:52199
2026-01-10 14:45:56,367 - DEBUG - http://localhost:52199 "GET /MCWS/v1/Playback/Info HTTP/1.1" 200 413
2026-01-10 14:46:01,378 - DEBUG - Starting new HTTP connection (1): localhost:52199
2026-01-10 14:46:03,395 - DEBUG - http://localhost:52199 "GET /MCWS/v1/Playback/Info HTTP/1.1" 200 412
2026-01-10 14:46:08,401 - DEBUG - Starting new HTTP connection (1): localhost:52199
2026-01-10 14:46:10,417 - DEBUG - http://localhost:52199 "GET /MCWS/v1/Playback/Info HTTP/1.1" 200 410
2026-01-10 14:46:15,426 - DEBUG - Starting new HTTP connection (1): localhost:52199
2026-01-10 14:46:17,441 - DEBUG - http://localhost:52199 "GET /MCWS/v1/Playback/Info HTTP/1.1" 200 413
2026-01-10 14:46:22,448 - DEBUG - Starting new HTTP connection (1): localhost:52199
2026-01-10 14:46:24,464 - DEBUG - http://localhost:52199 "GET /MCWS/v1/Playback/Info HTTP/1.1" 200 414
2026-01-10 14:46:29,474 - DEBUG - Starting new HTTP connection (1): localhost:52199
2026-01-10 14:46:31,489 - DEBUG - http://localhost:52199 "GET /MCWS/v1/Playback/Info HTTP/1.1" 200 411
2026-01-10 14:46:36,498 - DEBUG - Starting new HTTP connection (1): localhost:52199
2026-01-10 14:46:38,514 - DEBUG - http://localhost:52199 "GET /MCWS/v1/Playback/Info HTTP/1.1" 200 409
2026-01-10 14:46:43,527 - DEBUG - Starting new HTTP connection (1): localhost:52199
2026-01-10 14:46:45,542 - DEBUG - http://localhost:52199 "GET /MCWS/v1/Playback/Info HTTP/1.1" 200 412
2026-01-10 14:46:50,551 - DEBUG - Starting new HTTP connection (1): localhost:52199
2026-01-10 14:46:52,568 - DEBUG - http://localhost:52199 "GET /MCWS/v1/Playback/Info HTTP/1.1" 200 410
2026-01-10 14:46:57,576 - DEBUG - Starting new HTTP connection (1): localhost:52199
2026-01-10 14:46:59,590 - DEBUG - http://localhost:52199 "GET /MCWS/v1/Playback/Info HTTP/1.1" 200 410
2026-01-10 14:47:04,593 - DEBUG - Starting new HTTP connection (1): localhost:52199
2026-01-10 14:47:06,612 - DEBUG - http://localhost:52199 "GET /MCWS/v1/Playback/Info HTTP/1.1" 200 413
2026-01-10 14:47:11,621 - DEBUG - Starting new HTTP connection (1): localhost:52199
2026-01-10 14:47:13,636 - DEBUG - http://localhost:52199 "GET /MCWS/v1/Playback/Info HTTP/1.1" 200 409
2026-01-10 14:47:18,641 - DEBUG - Starting new HTTP connection (1): localhost:52199
2026-01-10 14:47:20,656 - DEBUG - http://localhost:52199 "GET /MCWS/v1/Playback/Info HTTP/1.1" 200 412
2026-01-10 14:47:25,666 - DEBUG - Starting new HTTP connection (1): localhost:52199
2026-01-10 14:47:27,684 - DEBUG - http://localhost:52199 "GET /MCWS/v1/Playback/Info HTTP/1.1" 200 413
2026-01-10 14:47:32,696 - DEBUG - Starting new HTTP connection (1): localhost:52199
2026-01-10 14:47:34,711 - DEBUG - http://localhost:52199 "GET /MCWS/v1/Playback/Info HTTP/1.1" 200 413
2026-01-10 14:47:39,720 - DEBUG - Starting new HTTP connection (1): localhost:52199
2026-01-10 14:47:41,739 - DEBUG - http://localhost:52199 "GET /MCWS/v1/Playback/Info HTTP/1.1" 200 411
2026-01-10 14:47:46,754 - DEBUG - Starting new HTTP connection (1): localhost:52199
2026-01-10 14:47:48,766 - DEBUG - http://localhost:52199 "GET /MCWS/v1/Playback/Info HTTP/1.1" 200 409
2026-01-10 14:47:53,776 - DEBUG - Starting new HTTP connection (1): localhost:52199
2026-01-10 14:47:55,794 - DEBUG - http://localhost:52199 "GET /MCWS/v1/Playback/Info HTTP/1.1" 200 413
2026-01-10 14:48:00,803 - DEBUG - Starting new HTTP connection (1): localhost:52199
2026-01-10 14:48:02,815 - DEBUG - http://localhost:52199 "GET /MCWS/v1/Playback/Info HTTP/1.1" 200 414
2026-01-10 14:48:07,821 - DEBUG - Starting new HTTP connection (1): localhost:52199
2026-01-10 14:48:09,828 - DEBUG - http://localhost:52199 "GET /MCWS/v1/Playback/Info HTTP/1.1" 200 392
2026-01-10 14:48:09,828 - INFO - Stop detected. Signaling Mediaverse.
2026-01-10 14:48:10,058 - INFO - Mediaverse forced to front.
2026-01-10 14:48:10,424 - INFO - JRiver tucked away in taskbar.
2026-01-10 14:49:41,651 - INFO - Updating folders for path: W:\Collection
2026-01-10 14:49:42,959 - INFO - Found 25 folders.
2026-01-10 15:07:12,671 - INFO - Updating folders for path: W:\Collection
2026-01-10 15:07:14,049 - INFO - Found 25 folders.
2026-01-10 15:08:55,912 - INFO - Updating folders for path: W:\Collection
2026-01-10 15:08:57,223 - INFO - Found 25 folders.
2026-01-10 15:09:40,336 - INFO - Updating folders for path: W:\Collection
2026-01-10 15:09:41,588 - INFO - Found 25 folders.
2026-01-10 16:28:10,189 - INFO - Updating folders for path: W:\Collection
2026-01-10 16:28:11,659 - INFO - Found 25 folders.
2026-01-10 16:32:27,266 - INFO - Updating folders for path: W:\Collection
2026-01-10 16:32:28,578 - INFO - Found 25 folders.
2026-01-10 16:38:40,015 - INFO - Updating folders for path: W:\Collection
2026-01-10 16:38:41,315 - INFO - Found 25 folders.
2026-01-10 16:44:37,245 - INFO - Updating folders for path: W:\Collection
2026-01-10 16:44:38,670 - INFO - Found 25 folders.
2026-01-10 17:12:40,866 - INFO - Updating folders for path: W:\Collection
2026-01-10 17:12:42,177 - INFO - Found 25 folders.
2026-01-10 17:15:39,762 - INFO - Updating folders for path: W:\Collection
2026-01-10 17:15:41,013 - INFO - Found 25 folders.
2026-01-10 17:26:25,791 - INFO - Updating folders for path: W:\Collection
2026-01-10 17:26:27,085 - INFO - Found 25 folders.
2026-01-10 17:27:02,135 - INFO - Updating folders for path: W:\Collection
2026-01-10 17:27:03,413 - INFO - Found 25 folders.
2026-01-10 17:31:13,194 - INFO - Updating folders for path: W:\Collection
2026-01-10 17:31:14,479 - INFO - Found 25 folders.
2026-01-10 17:32:36,543 - INFO - Updating folders for path: W:\Collection
2026-01-10 17:32:37,868 - INFO - Found 25 folders.
2026-01-10 17:35:58,538 - INFO - Updating folders for path: W:\Collection
2026-01-10 17:35:59,841 - INFO - Found 25 folders.
2026-01-10 17:37:46,212 - INFO - Updating folders for path: W:\Collection
2026-01-10 17:37:47,455 - INFO - Found 25 folders.
2026-01-10 17:55:08,979 - INFO - Updating folders for path: W:\Collection
2026-01-10 17:55:10,357 - INFO - Found 25 folders.
2026-01-10 17:59:56,589 - INFO - Updating folders for path: W:\Collection
2026-01-10 17:59:57,845 - INFO - Found 25 folders.
2026-01-10 18:03:14,078 - INFO - Updating folders for path: W:\Collection
2026-01-10 18:03:15,245 - INFO - Found 25 folders.
2026-01-10 18:04:04,193 - INFO - Updating folders for path: W:\Collection
2026-01-10 18:04:05,480 - INFO - Found 25 folders.
2026-01-10 18:06:20,684 - INFO - Updating folders for path: W:\Collection
2026-01-10 18:06:22,095 - INFO - Found 25 folders.
2026-01-10 18:12:54,251 - INFO - Updating folders for path: W:\Collection
2026-01-10 18:12:55,588 - INFO - Found 25 folders.
2026-01-10 18:19:56,959 - INFO - Updating folders for path: W:\Collection
2026-01-10 18:19:58,302 - INFO - Found 25 folders.
2026-01-10 18:22:28,635 - INFO - Updating folders for path: W:\Collection
2026-01-10 18:22:29,986 - INFO - Found 25 folders.
2026-01-10 18:24:36,059 - INFO - Updating folders for path: W:\Collection
2026-01-10 18:24:37,411 - INFO - Found 25 folders.
2026-01-10 18:26:32,384 - INFO - Updating folders for path: W:\Collection
2026-01-10 18:26:33,709 - INFO - Found 25 folders.
2026-01-10 18:29:02,015 - INFO - Updating folders for path: W:\Collection
2026-01-10 18:29:03,347 - INFO - Found 25 folders.
2026-01-10 18:37:56,300 - INFO - Updating folders for path: W:\Collection
2026-01-10 18:37:56,697 - ERROR - QML FAILED TO LOAD
2026-01-10 18:39:18,414 - INFO - Updating folders for path: W:\Collection
2026-01-10 18:39:19,768 - INFO - Found 25 folders.
2026-01-10 18:47:54,099 - INFO - Updating folders for path: W:\Collection
2026-01-10 18:47:55,419 - INFO - Found 25 folders.
2026-01-10 18:52:56,139 - INFO - Updating folders for path: W:\Collection
2026-01-10 18:52:57,477 - INFO - Found 25 folders.
2026-01-10 18:56:50,138 - INFO - Updating folders for path: W:\Collection
2026-01-10 18:56:51,499 - INFO - Found 25 folders.
2026-01-10 19:03:02,382 - INFO - Updating folders for path: W:\Collection
2026-01-10 19:03:03,763 - INFO - Found 25 folders.
2026-01-10 19:18:05,242 - INFO - Updating folders for path: W:\Collection
2026-01-10 19:18:06,548 - INFO - Found 25 folders.
2026-01-10 19:21:49,296 - INFO - Updating folders for path: W:\Collection
2026-01-10 19:21:50,572 - INFO - Found 25 folders.
2026-01-10 19:25:22,450 - INFO - Updating folders for path: W:\Collection
2026-01-10 19:25:23,765 - INFO - Found 25 folders.
2026-01-10 19:34:27,601 - INFO - Updating folders for path: W:\Collection
2026-01-10 19:34:28,916 - INFO - Found 25 folders.
2026-01-10 19:49:05,786 - INFO - Updating folders for path: W:\Collection
2026-01-10 19:49:07,054 - INFO - Found 25 folders.
2026-01-10 20:07:03,388 - INFO - Updating folders for path: W:\Collection
2026-01-10 20:07:04,700 - INFO - Found 25 folders.
2026-01-10 20:17:45,218 - INFO - Updating folders for path: W:\Collection
2026-01-10 20:17:46,514 - INFO - Found 25 folders.
2026-01-10 20:19:10,690 - INFO - Updating folders for path: W:\Collection
2026-01-10 20:19:11,992 - INFO - Found 25 folders.
2026-01-10 20:22:18,040 - INFO - Updating folders for path: W:\Collection
2026-01-10 20:22:19,343 - INFO - Found 25 folders.
2026-01-10 20:26:34,259 - INFO - Updating folders for path: W:\Collection
2026-01-10 20:26:35,576 - INFO - Found 25 folders.
2026-01-10 20:37:14,658 - INFO - Updating folders for path: W:\Collection
2026-01-10 20:37:15,967 - INFO - Found 25 folders.
2026-01-11 12:08:25,961 - ERROR - No libraries found.
2026-01-11 12:11:52,010 - INFO - Updating folders for path: W:\Collection
2026-01-11 12:11:53,274 - INFO - Found 25 folders.
2026-01-11 12:16:27,593 - INFO - Updating folders for path: W:\Collection
2026-01-11 12:16:28,867 - INFO - Found 25 folders.
2026-01-11 12:19:22,227 - INFO - Updating folders for path: W:\Collection
2026-01-11 12:19:23,516 - INFO - Found 25 folders.
2026-01-11 12:21:24,211 - INFO - Updating folders for path: W:\Collection
2026-01-11 12:21:25,463 - INFO - Found 25 folders.
2026-01-11 12:30:20,108 - INFO - Updating folders for path: W:\Collection
2026-01-11 12:30:21,372 - INFO - Found 25 folders.
2026-01-11 12:33:46,884 - INFO - Updating folders for path: W:\Collection
2026-01-11 12:33:48,157 - INFO - Found 25 folders.
2026-01-11 12:41:45,020 - INFO - Updating folders for path: W:\Collection
2026-01-11 12:41:46,321 - INFO - Found 25 folders.
2026-01-11 12:47:11,682 - INFO - Updating folders for path: W:\Collection
2026-01-11 12:47:12,971 - INFO - Found 25 folders.
2026-01-11 13:00:59,506 - INFO - Updating folders for path: W:\Collection
2026-01-11 13:01:00,859 - INFO - Found 25 folders.
2026-01-11 13:01:55,687 - INFO - Updating folders for path: W:\Collection
2026-01-11 13:01:56,970 - INFO - Found 25 folders.
2026-01-11 13:11:44,165 - INFO - Updating folders for path: W:\Collection
2026-01-11 13:11:45,538 - INFO - Found 25 folders.
2026-01-11 13:32:14,495 - INFO - Updating folders for path: W:\Collection
2026-01-11 13:32:15,755 - INFO - Found 25 folders.
2026-01-11 13:41:25,274 - INFO - Updating folders for path: W:\Collection
2026-01-11 13:41:26,583 - INFO - Found 25 folders.
2026-01-11 13:53:40,899 - INFO - Updating folders for path: W:\Collection
2026-01-11 13:53:41,001 - ERROR - QML FAILED TO LOAD
2026-01-11 14:06:00,080 - INFO - Updating folders for path: W:\Collection
2026-01-11 14:06:00,190 - ERROR - QML FAILED TO LOAD
2026-01-11 14:07:41,442 - INFO - Updating folders for path: W:\Collection
2026-01-11 14:07:42,762 - INFO - Found 25 folders.
2026-01-11 14:08:21,232 - INFO - Updating folders for path: W:\Collection
2026-01-11 14:08:21,340 - ERROR - QML FAILED TO LOAD
2026-01-11 14:13:53,535 - INFO - Updating folders for path: W:\Collection
2026-01-11 14:13:53,637 - ERROR - QML FAILED TO LOAD
2026-01-11 14:18:04,782 - INFO - Updating folders for path: W:\Collection
2026-01-11 14:18:04,881 - ERROR - QML FAILED TO LOAD
2026-01-11 14:18:25,115 - INFO - Updating folders for path: W:\Collection
2026-01-11 14:18:25,215 - ERROR - QML FAILED TO LOAD
2026-01-11 14:40:07,735 - INFO - Updating folders for path: W:\Collection
2026-01-11 14:40:07,892 - ERROR - QML FAILED TO LOAD
2026-01-11 14:40:33,105 - INFO - Updating folders for path: W:\Collection
2026-01-11 14:40:33,224 - ERROR - QML FAILED TO LOAD
2026-01-11 14:44:42,626 - INFO - Updating folders for path: W:\Collection
2026-01-11 14:44:42,731 - ERROR - QML FAILED TO LOAD
2026-01-11 14:46:08,894 - INFO - Updating folders for path: W:\Collection
2026-01-11 14:46:10,350 - INFO - Found 25 folders.
2026-01-11 14:48:57,877 - INFO - Updating folders for path: W:\Collection
2026-01-11 14:48:59,058 - INFO - Found 25 folders.
2026-01-11 15:05:07,421 - INFO - Updating folders for path: W:\Collection
2026-01-11 15:05:08,581 - INFO - Found 25 folders.
2026-01-11 15:05:41,632 - INFO - Updating folders for path: W:\Collection
2026-01-11 15:05:42,838 - INFO - Found 25 folders.
2026-01-11 15:06:59,923 - INFO - Updating folders for path: W:\Collection
2026-01-11 15:07:01,160 - INFO - Found 25 folders.
2026-01-11 15:31:41,096 - INFO - Updating folders for path: W:\Collection
2026-01-11 15:31:42,291 - INFO - Found 25 folders.
2026-01-11 18:28:18,358 - ERROR - No libraries found.
2026-01-11 18:29:54,614 - INFO - Updating folders for path: W:\Collection
2026-01-11 18:29:55,719 - INFO - Found 26 folders.
2026-01-11 18:30:53,681 - INFO - Updating folders for path: W:\Collection
2026-01-11 18:30:54,751 - INFO - Found 26 folders.
2026-01-11 18:31:12,877 - INFO - Updating folders for path: W:\Collection
2026-01-11 18:31:13,958 - INFO - Found 26 folders.
2026-01-11 18:32:38,991 - INFO - Updating folders for path: W:\Collection
2026-01-11 18:32:40,082 - INFO - Found 26 folders.
2026-01-11 18:34:25,391 - INFO - Updating folders for path: W:\Collection
2026-01-11 18:34:26,359 - INFO - Found 26 folders.
2026-01-11 18:43:15,192 - INFO - Updating folders for path: W:\Collection
2026-01-11 18:43:16,276 - INFO - Found 26 folders.
2026-01-11 18:44:02,972 - DEBUG - Bridge received path: W:/Collection/Western HD/The Good The Bad and the Ugly (1966).mp4
2026-01-11 18:44:02,984 - DEBUG - Starting new HTTP connection (1): localhost:52199
2026-01-11 18:44:07,077 - ERROR - Search failed: HTTPConnectionPool(host='localhost', port=52199): Max retries exceeded with url: /MCWS/v1/Files/Search?Query=%5BFilename%5D=%5BW:%5CCollection%5CWestern%20HD%5CThe%20Good%20The%20Bad%20and%20the%20Ugly%20(1966).mp4%5D (Caused by NewConnectionError("HTTPConnection(host='localhost', port=52199): Failed to establish a new connection: [WinError 10061] No connection could be made because the target machine actively refused it"))
2026-01-11 18:44:07,077 - ERROR - Could not find ID for path: W:/Collection/Western HD/The Good The Bad and the Ugly (1966).mp4
2026-01-11 21:21:52,741 - INFO - Updating folders for path: W:\Collection
2026-01-11 21:21:53,799 - INFO - Found 26 folders.
2026-01-11 21:22:10,141 - DEBUG - Bridge received path: W:/Collection/1990s/Apollo 13 (1995).M2TS
2026-01-11 21:22:10,146 - DEBUG - Starting new HTTP connection (1): localhost:52199
2026-01-11 21:35:13,336 - INFO - Updating folders for path: W:\Collection
2026-01-11 21:35:14,429 - INFO - Found 26 folders.
2026-01-11 21:58:21,852 - INFO - Updating folders for path: W:\Collection
2026-01-11 21:58:23,022 - INFO - Found 26 folders.
2026-01-11 22:14:27,800 - INFO - Updating folders for path: W:\Collection
2026-01-11 22:14:28,977 - INFO - Found 26 folders.
2026-01-11 22:36:39,844 - INFO - Updating folders for path: W:\Collection
2026-01-11 22:36:41,006 - INFO - Found 26 folders.
2026-01-11 23:03:24,357 - INFO - Updating folders for path: W:\Collection
2026-01-11 23:03:25,515 - INFO - Found 26 folders.
2026-01-11 23:04:57,644 - DEBUG - Bridge received path: W:/Collection/Bond Movies/You Only Live Twice (1967).TS
2026-01-11 23:04:57,651 - DEBUG - Starting new HTTP connection (1): localhost:52199
2026-01-11 23:05:01,692 - ERROR - Search failed: HTTPConnectionPool(host='localhost', port=52199): Max retries exceeded with url: /MCWS/v1/Files/Search?Query=%5BFilename%5D=%5BW:%5CCollection%5CBond%20Movies%5CYou%20Only%20Live%20Twice%20(1967).TS%5D (Caused by NewConnectionError("HTTPConnection(host='localhost', port=52199): Failed to establish a new connection: [WinError 10061] No connection could be made because the target machine actively refused it"))
2026-01-11 23:05:01,692 - ERROR - Could not find ID for path: W:/Collection/Bond Movies/You Only Live Twice (1967).TS
2026-01-11 23:05:01,871 - DEBUG - Bridge received path: W:/Collection/Bond Movies/You Only Live Twice (1967).TS
2026-01-11 23:05:01,874 - DEBUG - Starting new HTTP connection (1): localhost:52199
2026-01-11 23:05:05,915 - ERROR - Search failed: HTTPConnectionPool(host='localhost', port=52199): Max retries exceeded with url: /MCWS/v1/Files/Search?Query=%5BFilename%5D=%5BW:%5CCollection%5CBond%20Movies%5CYou%20Only%20Live%20Twice%20(1967).TS%5D (Caused by NewConnectionError("HTTPConnection(host='localhost', port=52199): Failed to establish a new connection: [WinError 10061] No connection could be made because the target machine actively refused it"))
2026-01-11 23:05:05,915 - ERROR - Could not find ID for path: W:/Collection/Bond Movies/You Only Live Twice (1967).TS
2026-01-11 23:07:10,921 - INFO - Updating folders for path: W:\Collection
2026-01-11 23:07:12,030 - INFO - Found 26 folders.
2026-01-12 10:24:10,412 - ERROR - No libraries found.
2026-01-12 10:24:30,771 - INFO - Updating folders for path: W:\Collection
2026-01-12 10:24:31,888 - INFO - Found 26 folders.
2026-01-12 10:25:29,253 - INFO - Updating folders for path: W:\Collection
2026-01-12 10:25:30,350 - INFO - Found 26 folders.
2026-01-12 10:34:28,550 - INFO - Updating folders for path: W:\Collection
2026-01-12 10:34:29,645 - INFO - Found 26 folders.
2026-01-12 10:35:05,152 - INFO - Updating folders for path: W:\Collection
2026-01-12 10:35:06,157 - INFO - Found 26 folders.
2026-01-12 10:35:52,182 - INFO - Updating folders for path: W:\Collection
2026-01-12 10:35:53,211 - INFO - Found 26 folders.
2026-01-12 10:44:48,434 - INFO - Updating folders for path: W:\Collection
2026-01-12 10:44:50,078 - INFO - Found 26 folders.
2026-01-12 10:49:47,067 - INFO - Updating folders for path: W:\Collection
2026-01-12 10:49:48,072 - INFO - Found 26 folders.
2026-01-12 12:12:14,000 - INFO - Updating folders for path: W:\Collection
2026-01-12 12:12:15,006 - INFO - Found 26 folders.
2026-01-12 12:12:47,374 - INFO - Updating folders for path: W:\Collection
2026-01-12 12:12:48,430 - INFO - Found 26 folders.
2026-01-12 12:13:56,804 - INFO - Updating folders for path: W:\Collection
2026-01-12 12:13:57,859 - INFO - Found 26 folders.
2026-01-12 12:14:12,279 - DEBUG - Bridge received path: W:/Collection/Futuristic SciFi/The Postman (1997).mp4
2026-01-12 12:14:12,283 - DEBUG - Starting new HTTP connection (1): localhost:52199
2026-01-12 12:14:30,493 - INFO - Updating folders for path: W:\Collection
2026-01-12 12:14:31,536 - INFO - Found 26 folders.
2026-01-12 12:14:56,243 - DEBUG - Bridge received path: W:/Collection/2020/Cry Macho.mkv
2026-01-12 12:14:56,244 - DEBUG - Starting new HTTP connection (1): localhost:52199
2026-01-12 12:14:58,530 - DEBUG - http://localhost:52199 "GET /MCWS/v1/Files/Search?Query=%5BFilename%5D=%5BW:%5CCollection%5C2020%5CCry%20Macho.mkv%5D HTTP/1.1" 200 1642
2026-01-12 12:14:58,545 - DEBUG - Encoding detection: utf_8 is most likely the one.
2026-01-12 12:14:58,545 - DEBUG - Starting new HTTP connection (1): localhost:52199
2026-01-12 12:15:00,555 - DEBUG - http://localhost:52199 "GET /MCWS/v1/Playback/Stop HTTP/1.1" 200 83
2026-01-12 12:15:00,555 - INFO - FORCING EXCLUSIVE PLAYBACK: Key 400859
2026-01-12 12:15:00,555 - DEBUG - Starting new HTTP connection (1): localhost:52199
2026-01-12 12:15:02,624 - DEBUG - http://localhost:52199 "GET /MCWS/v1/Playback/PlayByKey?Key=400859&Location=0 HTTP/1.1" 200 83
2026-01-12 12:15:02,624 - INFO - Waiting 15s for JRiver engine to stabilize...
2026-01-12 12:15:17,633 - INFO - Watchdog Active: Monitoring playback status...
2026-01-12 12:15:17,634 - DEBUG - Starting new HTTP connection (1): localhost:52199
2026-01-12 12:15:19,652 - DEBUG - http://localhost:52199 "GET /MCWS/v1/Playback/Info HTTP/1.1" 200 533
2026-01-12 12:16:07,515 - INFO - Updating folders for path: W:\Collection
2026-01-12 12:16:08,544 - INFO - Found 26 folders.
2026-01-12 12:21:28,705 - INFO - Updating folders for path: W:\Collection
2026-01-12 12:21:29,756 - INFO - Found 26 folders.
2026-01-12 12:26:20,884 - INFO - Updating folders for path: W:\Collection
2026-01-12 12:26:21,928 - INFO - Found 26 folders.
2026-01-12 12:29:16,819 - DEBUG - Bridge received path: W:/Collection/Western HD/She Wore A Yellow Ribbon (1949).mp4
2026-01-12 12:29:16,825 - DEBUG - Starting new HTTP connection (1): localhost:52199
2026-01-12 12:29:18,956 - DEBUG - http://localhost:52199 "GET /MCWS/v1/Files/Search?Query=%5BFilename%5D=%5BW:%5CCollection%5CWestern%20HD%5CShe%20Wore%20A%20Yellow%20Ribbon%20(1949).mp4%5D HTTP/1.1" 200 1504
2026-01-12 12:29:18,956 - DEBUG - Encoding detection: utf_8 is most likely the one.
2026-01-12 12:29:18,972 - DEBUG - Starting new HTTP connection (1): localhost:52199
2026-01-12 12:29:20,977 - DEBUG - http://localhost:52199 "GET /MCWS/v1/Playback/Stop HTTP/1.1" 200 83
2026-01-12 12:29:20,977 - INFO - FORCING EXCLUSIVE PLAYBACK: Key 403018
2026-01-12 12:29:20,977 - DEBUG - Starting new HTTP connection (1): localhost:52199
2026-01-12 12:29:23,009 - DEBUG - http://localhost:52199 "GET /MCWS/v1/Playback/PlayByKey?Key=403018&Location=0 HTTP/1.1" 200 83
2026-01-12 12:29:23,009 - INFO - Waiting 15s for JRiver engine to stabilize...
2026-01-12 12:29:38,019 - INFO - Watchdog Active: Monitoring playback status...
2026-01-12 12:29:38,020 - DEBUG - Starting new HTTP connection (1): localhost:52199
2026-01-12 12:29:40,037 - DEBUG - http://localhost:52199 "GET /MCWS/v1/Playback/Info HTTP/1.1" 200 418
2026-01-12 12:29:45,048 - DEBUG - Starting new HTTP connection (1): localhost:52199
2026-01-12 12:29:47,067 - DEBUG - http://localhost:52199 "GET /MCWS/v1/Playback/Info HTTP/1.1" 200 421
2026-01-12 12:29:52,075 - DEBUG - Starting new HTTP connection (1): localhost:52199
2026-01-12 12:29:54,092 - DEBUG - http://localhost:52199 "GET /MCWS/v1/Playback/Info HTTP/1.1" 200 397
2026-01-12 12:29:54,092 - INFO - Stop detected. Signaling Mediaverse.
2026-01-12 12:29:54,324 - INFO - Mediaverse forced to front.
2026-01-12 12:29:54,751 - INFO - JRiver tucked away in taskbar.
2026-01-12 12:30:08,285 - DEBUG - Bridge received path: W:/Collection/2020/Cry Macho.mkv
2026-01-12 12:30:08,288 - DEBUG - Starting new HTTP connection (1): localhost:52199
2026-01-12 12:30:10,449 - DEBUG - http://localhost:52199 "GET /MCWS/v1/Files/Search?Query=%5BFilename%5D=%5BW:%5CCollection%5C2020%5CCry%20Macho.mkv%5D HTTP/1.1" 200 1642
2026-01-12 12:30:10,459 - DEBUG - Encoding detection: utf_8 is most likely the one.
2026-01-12 12:30:10,461 - DEBUG - Starting new HTTP connection (1): localhost:52199
2026-01-12 12:30:12,478 - DEBUG - http://localhost:52199 "GET /MCWS/v1/Playback/Stop HTTP/1.1" 200 83
2026-01-12 12:30:12,478 - INFO - FORCING EXCLUSIVE PLAYBACK: Key 400859
2026-01-12 12:30:12,478 - DEBUG - Starting new HTTP connection (1): localhost:52199
2026-01-12 12:30:14,514 - DEBUG - http://localhost:52199 "GET /MCWS/v1/Playback/PlayByKey?Key=400859&Location=0 HTTP/1.1" 200 83
2026-01-12 12:30:14,514 - INFO - Waiting 15s for JRiver engine to stabilize...
2026-01-12 12:30:29,528 - INFO - Watchdog Active: Monitoring playback status...
2026-01-12 12:30:29,529 - DEBUG - Starting new HTTP connection (1): localhost:52199
2026-01-12 12:30:31,552 - DEBUG - http://localhost:52199 "GET /MCWS/v1/Playback/Info HTTP/1.1" 200 391
2026-01-12 12:30:31,552 - INFO - Stop detected. Signaling Mediaverse.
2026-01-12 12:30:31,756 - INFO - Mediaverse forced to front.
2026-01-12 12:30:32,067 - INFO - JRiver tucked away in taskbar.
2026-01-12 12:30:44,487 - DEBUG - Bridge received path: W:/Collection/Bond Movies/Dr No (1962).TS
2026-01-12 12:30:44,489 - DEBUG - Starting new HTTP connection (1): localhost:52199
2026-01-12 12:30:46,637 - DEBUG - http://localhost:52199 "GET /MCWS/v1/Files/Search?Query=%5BFilename%5D=%5BW:%5CCollection%5CBond%20Movies%5CDr%20No%20(1962).TS%5D HTTP/1.1" 200 1740
2026-01-12 12:30:46,653 - DEBUG - Encoding detection: utf_8 is most likely the one.
2026-01-12 12:30:46,653 - DEBUG - Starting new HTTP connection (1): localhost:52199
2026-01-12 12:30:48,665 - DEBUG - http://localhost:52199 "GET /MCWS/v1/Playback/Stop HTTP/1.1" 200 83
2026-01-12 12:30:48,665 - INFO - FORCING EXCLUSIVE PLAYBACK: Key 399341
2026-01-12 12:30:48,665 - DEBUG - Starting new HTTP connection (1): localhost:52199
2026-01-12 12:30:50,704 - DEBUG - http://localhost:52199 "GET /MCWS/v1/Playback/PlayByKey?Key=399341&Location=0 HTTP/1.1" 200 83
2026-01-12 12:30:50,704 - INFO - Waiting 15s for JRiver engine to stabilize...
2026-01-12 12:31:05,713 - INFO - Watchdog Active: Monitoring playback status...
2026-01-12 12:31:05,714 - DEBUG - Starting new HTTP connection (1): localhost:52199
2026-01-12 12:31:07,726 - DEBUG - http://localhost:52199 "GET /MCWS/v1/Playback/Info HTTP/1.1" 200 407
2026-01-12 12:31:12,732 - DEBUG - Starting new HTTP connection (1): localhost:52199
2026-01-12 12:31:14,747 - DEBUG - http://localhost:52199 "GET /MCWS/v1/Playback/Info HTTP/1.1" 200 403
2026-01-12 12:31:19,750 - DEBUG - Starting new HTTP connection (1): localhost:52199
2026-01-12 12:31:21,765 - DEBUG - http://localhost:52199 "GET /MCWS/v1/Playback/Info HTTP/1.1" 200 403
2026-01-12 12:31:26,772 - DEBUG - Starting new HTTP connection (1): localhost:52199
2026-01-12 12:31:28,793 - DEBUG - http://localhost:52199 "GET /MCWS/v1/Playback/Info HTTP/1.1" 200 406
2026-01-12 12:31:33,805 - DEBUG - Starting new HTTP connection (1): localhost:52199
2026-01-12 12:31:35,820 - DEBUG - http://localhost:52199 "GET /MCWS/v1/Playback/Info HTTP/1.1" 200 403
2026-01-12 12:31:40,833 - DEBUG - Starting new HTTP connection (1): localhost:52199
2026-01-12 12:31:42,846 - DEBUG - http://localhost:52199 "GET /MCWS/v1/Playback/Info HTTP/1.1" 200 404
2026-01-12 12:31:47,855 - DEBUG - Starting new HTTP connection (1): localhost:52199
2026-01-12 12:31:49,871 - DEBUG - http://localhost:52199 "GET /MCWS/v1/Playback/Info HTTP/1.1" 200 408
2026-01-12 12:31:54,882 - DEBUG - Starting new HTTP connection (1): localhost:52199
2026-01-12 12:31:56,889 - DEBUG - http://localhost:52199 "GET /MCWS/v1/Playback/Info HTTP/1.1" 200 387
2026-01-12 12:31:56,889 - INFO - Stop detected. Signaling Mediaverse.
2026-01-12 12:31:57,103 - INFO - Mediaverse forced to front.
2026-01-12 12:31:57,467 - INFO - JRiver tucked away in taskbar.
